// Jest Snapshot v1, https://goo.gl/fbAQLP

exports[`Login page page renders correctly 1`] = `
<View
  onLayout={[Function]}
  style={
    [
      {
        "alignItems": "stretch",
        "flex": 1,
        "justifyContent": "space-evenly",
      },
      {
        "paddingBottom": 0,
      },
    ]
  }
>
  <View
    appearance="default"
    level="1"
    style={
      [
        {
          "backgroundColor": "#FFFFFF",
        },
        {
          "alignItems": "stretch",
          "flex": 1,
          "justifyContent": "space-evenly",
        },
      ]
    }
  >
    <View
      appearance="default"
      level="1"
      style={
        [
          {
            "backgroundColor": "#FFFFFF",
          },
          {
            "alignItems": "stretch",
            "backgroundColor": "#C8D6F6",
            "flex": 1,
            "justifyContent": "center",
          },
        ]
      }
    >
      <Text
        appearance="default"
        category="h1"
        status="basic"
        style={
          [
            {
              "color": "#222B45",
              "fontFamily": "System",
              "fontSize": 36,
              "fontWeight": "800",
            },
            {
              "textAlign": "center",
            },
          ]
        }
      >
        Hello
      </Text>
      <Text
        appearance="default"
        category="h6"
        status="basic"
        style={
          [
            {
              "color": "#222B45",
              "fontFamily": "System",
              "fontSize": 18,
              "fontWeight": "800",
            },
            {
              "textAlign": "center",
            },
          ]
        }
      >
        Sign in using your GitHub credentials
      </Text>
    </View>
    <View
      appearance="default"
      level="1"
      style={
        [
          {
            "backgroundColor": "#FFFFFF",
          },
          undefined,
        ]
      }
      testID=""
    />
    <View
      appearance="default"
      level="1"
      style={
        [
          {
            "backgroundColor": "#FFFFFF",
          },
          {
            "flex": 3,
            "justifyContent": "flex-end",
          },
        ]
      }
    >
      <View
        accessibilityState={
          {
            "busy": undefined,
            "checked": undefined,
            "disabled": undefined,
            "expanded": undefined,
            "selected": undefined,
          }
        }
        accessibilityValue={
          {
            "max": undefined,
            "min": undefined,
            "now": undefined,
            "text": undefined,
          }
        }
        accessible={true}
        collapsable={false}
        focusable={false}
        onClick={[Function]}
        onResponderGrant={[Function]}
        onResponderMove={[Function]}
        onResponderRelease={[Function]}
        onResponderTerminate={[Function]}
        onResponderTerminationRequest={[Function]}
        onStartShouldSetResponder={[Function]}
        style={
          {
            "margin": 15,
            "opacity": 1,
          }
        }
        testID="@/container"
      >
        <Text
          appearance="default"
          category="p2"
          status="basic"
          style={
            [
              {
                "color": "#222B45",
                "fontFamily": "System",
                "fontSize": 13,
                "fontWeight": "400",
              },
              {
                "color": "black",
              },
            ]
          }
        />
        <View
          style={
            [
              {
                "backgroundColor": "#F7F9FC",
                "borderColor": "#E4E9F2",
                "borderRadius": 4,
                "borderWidth": 1,
                "minHeight": 40,
                "paddingHorizontal": 8,
                "paddingVertical": 7,
              },
              {
                "alignItems": "center",
                "flexDirection": "row",
                "width": "100%",
              },
            ]
          }
        >
          <TextInput
            appearance="default"
            editable={true}
            multiline={false}
            onBlur={[Function]}
            onChangeText={[Function]}
            onFocus={[Function]}
            onMouseEnter={[Function]}
            onMouseLeave={[Function]}
            placeholder="Email"
            placeholderTextColor="#A0A0A0"
            secureTextEntry={false}
            size="medium"
            status="basic"
            style={
              [
                {
                  "color": "#222B45",
                  "fontFamily": "System",
                  "fontSize": 15,
                  "fontWeight": "normal",
                  "marginHorizontal": 8,
                },
                {
                  "flexBasis": "auto",
                  "flexGrow": 1,
                  "flexShrink": 1,
                },
                null,
                {
                  "fontSize": 18,
                  "maxHeight": 24,
                },
              ]
            }
            testID="@/input"
            value=""
          />
        </View>
      </View>
      <View
        accessibilityState={
          {
            "busy": undefined,
            "checked": undefined,
            "disabled": undefined,
            "expanded": undefined,
            "selected": undefined,
          }
        }
        accessibilityValue={
          {
            "max": undefined,
            "min": undefined,
            "now": undefined,
            "text": undefined,
          }
        }
        accessible={true}
        collapsable={false}
        focusable={false}
        onClick={[Function]}
        onResponderGrant={[Function]}
        onResponderMove={[Function]}
        onResponderRelease={[Function]}
        onResponderTerminate={[Function]}
        onResponderTerminationRequest={[Function]}
        onStartShouldSetResponder={[Function]}
        style={
          {
            "margin": 15,
            "opacity": 1,
          }
        }
        testID="@/container"
      >
        <Text
          appearance="default"
          category="p2"
          status="basic"
          style={
            [
              {
                "color": "#222B45",
                "fontFamily": "System",
                "fontSize": 13,
                "fontWeight": "400",
              },
              {
                "color": "black",
              },
            ]
          }
        />
        <View
          style={
            [
              {
                "backgroundColor": "#F7F9FC",
                "borderColor": "#E4E9F2",
                "borderRadius": 4,
                "borderWidth": 1,
                "minHeight": 40,
                "paddingHorizontal": 8,
                "paddingVertical": 7,
              },
              {
                "alignItems": "center",
                "flexDirection": "row",
                "width": "100%",
              },
            ]
          }
        >
          <TextInput
            appearance="default"
            editable={true}
            multiline={false}
            onBlur={[Function]}
            onChangeText={[Function]}
            onFocus={[Function]}
            onMouseEnter={[Function]}
            onMouseLeave={[Function]}
            placeholder="Password"
            placeholderTextColor="#A0A0A0"
            secureTextEntry={true}
            size="medium"
            status="basic"
            style={
              [
                {
                  "color": "#222B45",
                  "fontFamily": "System",
                  "fontSize": 15,
                  "fontWeight": "normal",
                  "marginHorizontal": 8,
                },
                {
                  "flexBasis": "auto",
                  "flexGrow": 1,
                  "flexShrink": 1,
                },
                null,
                {
                  "fontSize": 18,
                  "maxHeight": 24,
                },
              ]
            }
            testID="@/input"
            value=""
          />
        </View>
      </View>
      <View
        accessibilityState={
          {
            "busy": undefined,
            "checked": undefined,
            "disabled": undefined,
            "expanded": undefined,
            "selected": undefined,
          }
        }
        accessibilityValue={
          {
            "max": undefined,
            "min": undefined,
            "now": undefined,
            "text": undefined,
          }
        }
        accessible={true}
        collapsable={false}
        focusable={true}
        onClick={[Function]}
        onResponderGrant={[Function]}
        onResponderMove={[Function]}
        onResponderRelease={[Function]}
        onResponderTerminate={[Function]}
        onResponderTerminationRequest={[Function]}
        onStartShouldSetResponder={[Function]}
        style={
          {
            "alignItems": "center",
            "backgroundColor": "#06b4e0",
            "borderColor": "#596CA7",
            "borderRadius": 4,
            "borderWidth": 1,
            "flexDirection": "row",
            "justifyContent": "center",
            "margin": 15,
            "minHeight": 40,
            "minWidth": 40,
            "opacity": 1,
            "paddingHorizontal": 10,
            "paddingVertical": 12,
          }
        }
        testID="AuthButton"
      >
        <Text
          appearance="default"
          category="h5"
          status="basic"
          style={
            [
              {
                "color": "#222B45",
                "fontFamily": "System",
                "fontSize": 22,
                "fontWeight": "800",
              },
              {
                "color": "black",
              },
            ]
          }
        >
          SIGN IN
        </Text>
      </View>
    </View>
  </View>
</View>
`;
