// Jest Snapshot v1, https://goo.gl/fbAQLP

exports[`Home page renders correctly 1`] = `
<View
  appearance="default"
  level="1"
  style={
    [
      {
        "backgroundColor": "#FFFFFF",
      },
      {
        "alignItems": "stretch",
        "flex": 1,
        "justifyContent": "space-evenly",
      },
    ]
  }
>
  <RCTScrollView
    contentContainerStyle={
      {
        "alignItems": "center",
        "paddingVertical": 16,
      }
    }
  >
    <View>
      <View
        appearance="default"
        level="2"
        style={
          [
            {
              "backgroundColor": "#F7F9FC",
            },
            undefined,
          ]
        }
      >
        <View
          accessibilityState={
            {
              "busy": undefined,
              "checked": undefined,
              "disabled": undefined,
              "expanded": undefined,
              "selected": undefined,
            }
          }
          accessibilityValue={
            {
              "max": undefined,
              "min": undefined,
              "now": undefined,
              "text": undefined,
            }
          }
          accessible={true}
          collapsable={false}
          focusable={true}
          onClick={[Function]}
          onResponderGrant={[Function]}
          onResponderMove={[Function]}
          onResponderRelease={[Function]}
          onResponderTerminate={[Function]}
          onResponderTerminationRequest={[Function]}
          onStartShouldSetResponder={[Function]}
          style={
            {
              "alignItems": "center",
              "backgroundColor": "#AEDD94",
              "borderColor": "#596CA7",
              "borderRadius": 8,
              "borderWidth": 1,
              "elevation": 4,
              "flexDirection": "row",
              "height": 156.94117647058823,
              "justifyContent": "center",
              "marginVertical": 19.057142857142857,
              "minHeight": 40,
              "minWidth": 40,
              "opacity": 1,
              "padding": 20,
              "paddingHorizontal": 10,
              "paddingVertical": 12,
              "shadowColor": "#000",
              "shadowOffset": {
                "height": 2,
                "width": 0,
              },
              "shadowOpacity": 0.2,
              "shadowRadius": 4,
              "width": 675,
            }
          }
        >
          <Text
            appearance="default"
            category="h5"
            status="basic"
            style={
              [
                {
                  "color": "#222B45",
                  "fontFamily": "System",
                  "fontSize": 22,
                  "fontWeight": "800",
                },
                {
                  "color": "black",
                },
              ]
            }
          >
            ADD NOTES
          </Text>
        </View>
      </View>
      <View
        appearance="default"
        level="2"
        style={
          [
            {
              "backgroundColor": "#F7F9FC",
            },
            undefined,
          ]
        }
      >
        <View
          accessibilityState={
            {
              "busy": undefined,
              "checked": undefined,
              "disabled": undefined,
              "expanded": undefined,
              "selected": undefined,
            }
          }
          accessibilityValue={
            {
              "max": undefined,
              "min": undefined,
              "now": undefined,
              "text": undefined,
            }
          }
          accessible={true}
          collapsable={false}
          focusable={true}
          onClick={[Function]}
          onResponderGrant={[Function]}
          onResponderMove={[Function]}
          onResponderRelease={[Function]}
          onResponderTerminate={[Function]}
          onResponderTerminationRequest={[Function]}
          onStartShouldSetResponder={[Function]}
          style={
            {
              "alignItems": "center",
              "backgroundColor": "#EBEBEB",
              "borderColor": "#596CA7",
              "borderRadius": 8,
              "borderWidth": 1,
              "elevation": 4,
              "flexDirection": "row",
              "height": 156.94117647058823,
              "justifyContent": "center",
              "marginVertical": 19.057142857142857,
              "minHeight": 40,
              "minWidth": 40,
              "opacity": 1,
              "padding": 20,
              "paddingHorizontal": 10,
              "paddingVertical": 12,
              "shadowColor": "#000",
              "shadowOffset": {
                "height": 2,
                "width": 0,
              },
              "shadowOpacity": 0.2,
              "shadowRadius": 4,
              "width": 675,
            }
          }
        >
          <Text
            appearance="default"
            category="h5"
            status="basic"
            style={
              [
                {
                  "color": "#222B45",
                  "fontFamily": "System",
                  "fontSize": 22,
                  "fontWeight": "800",
                },
                {
                  "color": "black",
                },
              ]
            }
          >
            VIEW NOTES
          </Text>
        </View>
      </View>
      <View
        appearance="default"
        level="2"
        style={
          [
            {
              "backgroundColor": "#F7F9FC",
            },
            undefined,
          ]
        }
      >
        <View
          accessibilityState={
            {
              "busy": undefined,
              "checked": undefined,
              "disabled": undefined,
              "expanded": undefined,
              "selected": undefined,
            }
          }
          accessibilityValue={
            {
              "max": undefined,
              "min": undefined,
              "now": undefined,
              "text": undefined,
            }
          }
          accessible={true}
          collapsable={false}
          focusable={true}
          onClick={[Function]}
          onResponderGrant={[Function]}
          onResponderMove={[Function]}
          onResponderRelease={[Function]}
          onResponderTerminate={[Function]}
          onResponderTerminationRequest={[Function]}
          onStartShouldSetResponder={[Function]}
          style={
            {
              "alignItems": "center",
              "backgroundColor": "#FF8A84",
              "borderColor": "#596CA7",
              "borderRadius": 8,
              "borderWidth": 1,
              "elevation": 4,
              "flexDirection": "row",
              "height": 156.94117647058823,
              "justifyContent": "center",
              "marginVertical": 19.057142857142857,
              "minHeight": 40,
              "minWidth": 40,
              "opacity": 1,
              "padding": 20,
              "paddingHorizontal": 10,
              "paddingVertical": 12,
              "shadowColor": "#000",
              "shadowOffset": {
                "height": 2,
                "width": 0,
              },
              "shadowOpacity": 0.2,
              "shadowRadius": 4,
              "width": 675,
            }
          }
        >
          <Text
            appearance="default"
            category="h5"
            status="basic"
            style={
              [
                {
                  "color": "#222B45",
                  "fontFamily": "System",
                  "fontSize": 22,
                  "fontWeight": "800",
                },
                {
                  "color": "black",
                },
              ]
            }
          >
            BAD DATA
          </Text>
        </View>
      </View>
      <View
        appearance="default"
        level="2"
        style={
          [
            {
              "backgroundColor": "#F7F9FC",
            },
            undefined,
          ]
        }
      >
        <View
          accessibilityState={
            {
              "busy": undefined,
              "checked": undefined,
              "disabled": undefined,
              "expanded": undefined,
              "selected": undefined,
            }
          }
          accessibilityValue={
            {
              "max": undefined,
              "min": undefined,
              "now": undefined,
              "text": undefined,
            }
          }
          accessible={true}
          collapsable={false}
          focusable={true}
          onClick={[Function]}
          onResponderGrant={[Function]}
          onResponderMove={[Function]}
          onResponderRelease={[Function]}
          onResponderTerminate={[Function]}
          onResponderTerminationRequest={[Function]}
          onStartShouldSetResponder={[Function]}
          style={
            {
              "alignItems": "center",
              "backgroundColor": "#FEF8A0",
              "borderColor": "#596CA7",
              "borderRadius": 8,
              "borderWidth": 1,
              "elevation": 4,
              "flexDirection": "row",
              "height": 156.94117647058823,
              "justifyContent": "center",
              "marginVertical": 19.057142857142857,
              "minHeight": 40,
              "minWidth": 40,
              "opacity": 1,
              "padding": 20,
              "paddingHorizontal": 10,
              "paddingVertical": 12,
              "shadowColor": "#000",
              "shadowOffset": {
                "height": 2,
                "width": 0,
              },
              "shadowOpacity": 0.2,
              "shadowRadius": 4,
              "width": 675,
            }
          }
        >
          <Text
            appearance="default"
            category="h5"
            status="basic"
            style={
              [
                {
                  "color": "#222B45",
                  "fontFamily": "System",
                  "fontSize": 22,
                  "fontWeight": "800",
                },
                {
                  "color": "black",
                },
              ]
            }
          >
            INSTRUMENT MAINTENENCE
          </Text>
        </View>
      </View>
      <View
        appearance="default"
        level="2"
        style={
          [
            {
              "backgroundColor": "#F7F9FC",
            },
            undefined,
          ]
        }
      >
        <View
          accessibilityState={
            {
              "busy": undefined,
              "checked": undefined,
              "disabled": undefined,
              "expanded": undefined,
              "selected": undefined,
            }
          }
          accessibilityValue={
            {
              "max": undefined,
              "min": undefined,
              "now": undefined,
              "text": undefined,
            }
          }
          accessible={true}
          collapsable={false}
          focusable={true}
          onClick={[Function]}
          onResponderGrant={[Function]}
          onResponderMove={[Function]}
          onResponderRelease={[Function]}
          onResponderTerminate={[Function]}
          onResponderTerminationRequest={[Function]}
          onStartShouldSetResponder={[Function]}
          style={
            {
              "alignItems": "center",
              "backgroundColor": "#4DD7FA",
              "borderColor": "#596CA7",
              "borderRadius": 8,
              "borderWidth": 1,
              "elevation": 4,
              "flexDirection": "row",
              "height": 156.94117647058823,
              "justifyContent": "center",
              "marginVertical": 19.057142857142857,
              "minHeight": 40,
              "minWidth": 40,
              "opacity": 1,
              "padding": 20,
              "paddingHorizontal": 10,
              "paddingVertical": 12,
              "shadowColor": "#000",
              "shadowOffset": {
                "height": 2,
                "width": 0,
              },
              "shadowOpacity": 0.2,
              "shadowRadius": 4,
              "width": 675,
            }
          }
        >
          <Text
            appearance="default"
            category="h5"
            status="basic"
            style={
              [
                {
                  "color": "#222B45",
                  "fontFamily": "System",
                  "fontSize": 22,
                  "fontWeight": "800",
                },
                {
                  "color": "black",
                },
              ]
            }
          >
            TANK TRACKER
          </Text>
        </View>
      </View>
      <View
        appearance="default"
        level="2"
        style={
          [
            {
              "backgroundColor": "#F7F9FC",
            },
            undefined,
          ]
        }
      >
        <View
          accessibilityState={
            {
              "busy": undefined,
              "checked": undefined,
              "disabled": undefined,
              "expanded": undefined,
              "selected": undefined,
            }
          }
          accessibilityValue={
            {
              "max": undefined,
              "min": undefined,
              "now": undefined,
              "text": undefined,
            }
          }
          accessible={true}
          collapsable={false}
          focusable={true}
          onClick={[Function]}
          onResponderGrant={[Function]}
          onResponderMove={[Function]}
          onResponderRelease={[Function]}
          onResponderTerminate={[Function]}
          onResponderTerminationRequest={[Function]}
          onStartShouldSetResponder={[Function]}
          style={
            {
              "alignItems": "center",
              "backgroundColor": "#FFC581",
              "borderColor": "#596CA7",
              "borderRadius": 8,
              "borderWidth": 1,
              "elevation": 4,
              "flexDirection": "row",
              "height": 156.94117647058823,
              "justifyContent": "center",
              "marginVertical": 19.057142857142857,
              "minHeight": 40,
              "minWidth": 40,
              "opacity": 1,
              "padding": 20,
              "paddingHorizontal": 10,
              "paddingVertical": 12,
              "shadowColor": "#000",
              "shadowOffset": {
                "height": 2,
                "width": 0,
              },
              "shadowOpacity": 0.2,
              "shadowRadius": 4,
              "width": 675,
            }
          }
        >
          <Text
            appearance="default"
            category="h5"
            status="basic"
            style={
              [
                {
                  "color": "#222B45",
                  "fontFamily": "System",
                  "fontSize": 22,
                  "fontWeight": "800",
                },
                {
                  "color": "black",
                },
              ]
            }
          >
            PLAN A VISIT
          </Text>
        </View>
      </View>
    </View>
  </RCTScrollView>
</View>
`;
